
Allocating common symbols
Common symbol       size              file

user_tasks          0x50              main.o

Memory Configuration

Name             Origin             Length             Attributes
FLASH            0x0000000008000000 0x0000000000100000 xr
SRAM             0x0000000020000000 0x0000000000020000 xrw
*default*        0x0000000000000000 0xffffffffffffffff

Linker script and memory map

LOAD main.o
LOAD led.o
LOAD stm32_startup.o

.text           0x0000000008000000      0x668
 *(.isr_vector)
 *(.text)
 .text          0x0000000008000000      0x4cc main.o
                0x0000000008000000                main
                0x000000000800002c                idle_task
                0x0000000008000032                task1_handler
                0x0000000008000054                task2_handler
                0x0000000008000076                task3_handler
                0x0000000008000094                task4_handler
                0x00000000080000b2                init_systick_timer
                0x000000000800011c                init_scheduler_stack
                0x0000000008000126                init_tasks_stack
                0x0000000008000240                enable_processor_faults
                0x000000000800027c                get_psp_value
                0x000000000800029c                save_psp_value
                0x00000000080002c4                update_next_task
                0x000000000800034c                switch_sp_to_psp
                0x0000000008000366                schedule
                0x000000000800038c                task_delay
                0x00000000080003ec                PendSV_Handler
                0x0000000008000412                update_global_tick_count
                0x000000000800042c                unblock_tasks
                0x000000000800048c                SysTick_Handler
                0x00000000080004b8                HardFault_Handler
                0x00000000080004be                MemManage_Handler
                0x00000000080004c4                BusFault_Handler
 .text          0x00000000080004cc       0xfc led.o
                0x00000000080004cc                delay
                0x00000000080004f4                led_init_all
                0x0000000008000568                led_on
                0x0000000008000598                led_off
 .text          0x00000000080005c8       0x94 stm32_startup.o
                0x00000000080005c8                Reset_Handler
                0x0000000008000650                RTC_Alarm_IRQHandler
                0x0000000008000650                HASH_RNG_IRQHandler
                0x0000000008000650                EXTI2_IRQHandler
                0x0000000008000650                TIM8_CC_IRQHandler
                0x0000000008000650                DebugMon_Handler
                0x0000000008000650                TIM1_CC_IRQHandler
                0x0000000008000650                DMA2_Stream5_IRQHandler
                0x0000000008000650                DMA1_Stream5_IRQHandler
                0x0000000008000650                PVD_IRQHandler
                0x0000000008000650                SDIO_IRQHandler
                0x0000000008000650                TAMP_STAMP_IRQHandler
                0x0000000008000650                NMI_Handler
                0x0000000008000650                CAN2_RX1_IRQHandler
                0x0000000008000650                EXTI3_IRQHandler
                0x0000000008000650                TIM8_TRG_COM_TIM14_IRQHandler
                0x0000000008000650                TIM1_UP_TIM10_IRQHandler
                0x0000000008000650                TIM8_UP_TIM13_IRQHandler
                0x0000000008000650                I2C3_ER_IRQHandler
                0x0000000008000650                EXTI0_IRQHandler
                0x0000000008000650                I2C2_EV_IRQHandler
                0x0000000008000650                DMA1_Stream2_IRQHandler
                0x0000000008000650                CAN1_RX0_IRQHandler
                0x0000000008000650                FPU_IRQHandler
                0x0000000008000650                OTG_HS_WKUP_IRQHandler
                0x0000000008000650                UsageFault_Handler
                0x0000000008000650                CAN2_SCE_IRQHandler
                0x0000000008000650                DMA2_Stream2_IRQHandler
                0x0000000008000650                SPI1_IRQHandler
                0x0000000008000650                TIM6_DAC_IRQHandler
                0x0000000008000650                TIM1_BRK_TIM9_IRQHandler
                0x0000000008000650                DCMI_IRQHandler
                0x0000000008000650                CAN2_RX0_IRQHandler
                0x0000000008000650                DMA2_Stream3_IRQHandler
                0x0000000008000650                USART6_IRQHandler
                0x0000000008000650                USART3_IRQHandler
                0x0000000008000650                CRYP_IRQHandler
                0x0000000008000650                CAN1_RX1_IRQHandler
                0x0000000008000650                UART5_IRQHandler
                0x0000000008000650                DMA2_Stream0_IRQHandler
                0x0000000008000650                TIM4_IRQHandler
                0x0000000008000650                I2C1_EV_IRQHandler
                0x0000000008000650                DMA1_Stream6_IRQHandler
                0x0000000008000650                DMA1_Stream1_IRQHandler
                0x0000000008000650                UART4_IRQHandler
                0x0000000008000650                TIM3_IRQHandler
                0x0000000008000650                RCC_IRQHandler
                0x0000000008000650                TIM8_BRK_TIM12_IRQHandler
                0x0000000008000650                Default_Handler
                0x0000000008000650                EXTI15_10_IRQHandler
                0x0000000008000650                ADC_IRQHandler
                0x0000000008000650                DMA1_Stream7_IRQHandler
                0x0000000008000650                TIM7_IRQHandler
                0x0000000008000650                CAN2_TX_IRQHandler
                0x0000000008000650                TIM5_IRQHandler
                0x0000000008000650                DMA2_Stream7_IRQHandler
                0x0000000008000650                I2C3_EV_IRQHandler
                0x0000000008000650                EXTI9_5_IRQHandler
                0x0000000008000650                RTC_WKUP_IRQHandler
                0x0000000008000650                ETH_WKUP_IRQHandler
                0x0000000008000650                SPI2_IRQHandler
                0x0000000008000650                OTG_HS_EP1_IN_IRQHandler
                0x0000000008000650                DMA1_Stream0_IRQHandler
                0x0000000008000650                CAN1_TX_IRQHandler
                0x0000000008000650                SVC_Handler
                0x0000000008000650                EXTI4_IRQHandler
                0x0000000008000650                FSMC_IRQHandler
                0x0000000008000650                ETH_IRQHandler
                0x0000000008000650                OTG_HS_EP1_OUT_IRQHandler
                0x0000000008000650                WWDG_IRQHandler
                0x0000000008000650                TIM2_IRQHandler
                0x0000000008000650                OTG_FS_WKUP_IRQHandler
                0x0000000008000650                TIM1_TRG_COM_TIM11_IRQHandler
                0x0000000008000650                OTG_HS_IRQHandler
                0x0000000008000650                EXTI1_IRQHandler
                0x0000000008000650                USART2_IRQHandler
                0x0000000008000650                I2C2_ER_IRQHandler
                0x0000000008000650                DMA2_Stream1_IRQHandler
                0x0000000008000650                CAN1_SCE_IRQHandler
                0x0000000008000650                DMA2_Stream4_IRQHandler
                0x0000000008000650                USART1_IRQHandler
                0x0000000008000650                OTG_FS_IRQHandler
                0x0000000008000650                SPI3_IRQHandler
                0x0000000008000650                DMA1_Stream4_IRQHandler
                0x0000000008000650                I2C1_ER_IRQHandler
                0x0000000008000650                DMA2_Stream6_IRQHandler
                0x0000000008000650                DMA1_Stream3_IRQHandler
 *(.text.*)
 *(.init)
 *(.fini)
 *(.rodata)
 .rodata        0x000000000800065c        0x9 main.o
                0x000000000800065c                const_v_1
                0x0000000008000660                const_v_2
                0x0000000008000664                const_V_3
 *(.rodata.*)
                0x0000000008000668                . = ALIGN (0x4)
 *fill*         0x0000000008000665        0x3 
                0x0000000008000668                _etext = .
                0x0000000008000668                _la_data = LOADADDR (.data)

.glue_7         0x0000000008000668        0x0
 .glue_7        0x0000000008000668        0x0 linker stubs

.glue_7t        0x0000000008000668        0x0
 .glue_7t       0x0000000008000668        0x0 linker stubs

.vfp11_veneer   0x0000000008000668        0x0
 .vfp11_veneer  0x0000000008000668        0x0 linker stubs

.v4_bx          0x0000000008000668        0x0
 .v4_bx         0x0000000008000668        0x0 linker stubs

.iplt           0x0000000008000668        0x0
 .iplt          0x0000000008000668        0x0 main.o

.rel.dyn        0x0000000008000668        0x0
 .rel.iplt      0x0000000008000668        0x0 main.o

.data           0x0000000020000000        0x4 load address 0x0000000008000668
                0x0000000020000000                _sdata = .
 *(.data)
 .data          0x0000000020000000        0x1 main.o
                0x0000000020000000                current_task
 .data          0x0000000020000001        0x0 led.o
 .data          0x0000000020000001        0x0 stm32_startup.o
 *(.data.*)
                0x0000000020000004                . = ALIGN (0x4)
 *fill*         0x0000000020000001        0x3 
                0x0000000020000004                _edata = .

.igot.plt       0x0000000020000004        0x0 load address 0x000000000800066c
 .igot.plt      0x0000000020000004        0x0 main.o

isr_vector      0x0000000020000004      0x188 load address 0x000000000800066c
 isr_vector     0x0000000020000004      0x188 stm32_startup.o
                0x0000000020000004                vectors

.bss            0x000000002000018c       0x54 load address 0x00000000080007f4
                0x000000002000018c                _sbss = .
                0x000000002000018c                __bss_start__ = _sbss
 *(.bss)
 .bss           0x000000002000018c        0x4 main.o
                0x000000002000018c                g_tick_count
 .bss           0x0000000020000190        0x0 led.o
 .bss           0x0000000020000190        0x0 stm32_startup.o
 *(.bss.*)
 *(COMMON)
 COMMON         0x0000000020000190       0x50 main.o
                0x0000000020000190                user_tasks
                0x00000000200001e0                . = ALIGN (0x4)
                0x00000000200001e0                _ebss = .
                0x00000000200001e0                __bss_end__ = _ebss
                0x00000000200001e0                . = ALIGN (0x4)
                0x00000000200001e0                end = .
                0x00000000200001e0                __end__ = .
OUTPUT(final.elf elf32-littlearm)
LOAD linker stubs

.comment        0x0000000000000000       0x59
 .comment       0x0000000000000000       0x59 main.o
                                         0x5a (size before relaxing)
 .comment       0x0000000000000059       0x5a led.o
 .comment       0x0000000000000059       0x5a stm32_startup.o

.ARM.attributes
                0x0000000000000000       0x2e
 .ARM.attributes
                0x0000000000000000       0x2e main.o
 .ARM.attributes
                0x000000000000002e       0x2e led.o
 .ARM.attributes
                0x000000000000005c       0x2e stm32_startup.o
